Microsoft Windows [Version 10.0.19045.4046]
(c) Microsoft Corporation. All rights reserved.

-- 사용자 정보 구성 --
-- 이메일 --
C:\Users\Administrator\Downloads\새 폴더 (4)>git config --global user.email "babyshu1210@gmail.com"
-- 이름 --
C:\Users\Administrator\Downloads\새 폴더 (4)>git config --global user.name "silverywaves"
-- 정보 확인1 --
C:\Users\Administrator\Downloads\새 폴더 (4)>git config --global --list
user.name=silverywaves
user.email=babyshu1210@gmail.com
filter.lfs.clean=git-lfs clean -- %f
filter.lfs.smudge=git-lfs smudge -- %f
filter.lfs.process=git-lfs filter-process
filter.lfs.required=true
init.defaultbranch=master

-- 정보 확인2 --
내컴퓨터 > C > 사용자 > user(Administrator) > .gitconfig
(숨김파일 보기 설정) 


-- 저장소 복제하기 -- 
C:\Users\Administrator\Downloads\새 폴더 (4)>git init
Initialized empty Git repository in C:/Users/Administrator/Downloads/새 폴더 (4)/.git/

-- 깃 상태 확인 --
C:\Users\Administrator\Downloads\새 폴더 (4)>git status
On branch master

No commits yet

Untracked files:
  (use "git add <file>..." to include in what will be committed)
        aaa.txt

nothing added to commit but untracked files present (use "git add" to track)


-- 파일 추가 --
-- git add <파일>  :  commit 전단계 => untracked->tracked 파일로 변경 (for 버전관리 편의성)
C:\Users\Administrator\Downloads\새 폴더 (4)>git add aaa.txt

C:\Users\Administrator\Downloads\새 폴더 (4)>git status
On branch master

No commits yet

Changes to be committed:
  (use "git rm --cached <file>..." to unstage)
        new file:   aaa.txt

-- git commit -m "<메시지>" : git에 저장하는 단계
C:\Users\Administrator\Downloads\새 폴더 (4)>git commit -m "aaa.txt a dded"
[master (root-commit) b3c5b02] aaa.txt a dded
 1 file changed, 1 insertion(+)
 create mode 100644 aaa.txt


-- git log : 커밋 히스토리 조회 --
C:\Users\Administrator\Downloads\새 폴더 (4)>git log
commit b3c5b02032959c7edac6755166f0da526027e2e7 (HEAD -> master)
Author: silverywaves <babyshu1210@gmail.com>
Date:   Fri Feb 23 12:46:38 2024 +0900

    aaa.txt a dded


-- git log --online : 로그를 한줄 약식으로 조회 --
C:\Users\Administrator\Downloads\새 폴더 (4)>git log --oneline
b3c5b02 (HEAD -> master) aaa.txt a dded



C:\Users\Administrator\Downloads\새 폴더 (4)>git status
On branch master
Changes not staged for commit:
  (use "git add <file>..." to update what will be committed)
  (use "git restore <file>..." to discard changes in working directory)
        modified:   aaa.txt

Untracked files:
  (use "git add <file>..." to include in what will be committed)
        bbb.txt

no changes added to commit (use "git add" and/or "git commit -a")


C:\Users\Administrator\Downloads\새 폴더 (4)>git commit -m "bbb.txt added
On branch master
Changes not staged for commit:
  (use "git add <file>..." to update what will be committed)
  (use "git restore <file>..." to discard changes in working directory)
        modified:   aaa.txt

Untracked files:
  (use "git add <file>..." to include in what will be committed)
        bbb.txt

no changes added to commit (use "git add" and/or "git commit -a")



-- git add * : 모든 파일(*) 추가 --
C:\Users\Administrator\Downloads\새 폴더 (4)>git add *

C:\Users\Administrator\Downloads\새 폴더 (4)>git status
On branch master
Changes to be committed:
  (use "git restore --staged <file>..." to unstage)
        modified:   aaa.txt
        new file:   bbb.txt


C:\Users\Administrator\Downloads\새 폴더 (4)>git commit  -m "ccc.txt a dded"
[master ee1da3b] ccc.txt a dded
 2 files changed, 60 insertions(+), 1 deletion(-)
 create mode 100644 bbb.txt

C:\Users\Administrator\Downloads\새 폴더 (4)>git log --oneline
ee1da3b (HEAD -> master) ccc.txt a dded
b3c5b02 aaa.txt a dded


-- git reset <옵션><커밋id> : 커밋 되돌리기 --
-- 옵션
-- hard(돌아가려는 이력 이후 모든 내용 삭제
-- mixed(이력 돌아가고 변경내용 남아있으나 인덱스 초기화 -> 커밋하려면 변경된 내용 다시 추가)
-- soft(이력 돌아가고 변경내용, 인덱스 남아있음 다시 커밋할 수 있는 상태)
C:\Users\Administrator\Downloads\새 폴더 (4)>git reset --hard b3c5b02
HEAD is now at b3c5b02 aaa.txt a dded

C:\Users\Administrator\Downloads\새 폴더 (4)>git reset --hard ee1da3b
HEAD is now at ee1da3b ccc.txt a dded

C:\Users\Administrator\Downloads\새 폴더 (4)>git reset --hard b3c5b02
HEAD is now at b3c5b02 aaa.txt a dded


-- git reflog : git 이력 확인(복구시 삭제된 커밋id 확인용) --
C:\Users\Administrator\Downloads\새 폴더 (4)>git reflog
b3c5b02 (HEAD -> master) HEAD@{0}: reset: moving to b3c5b02
ee1da3b HEAD@{1}: reset: moving to ee1da3b
b3c5b02 (HEAD -> master) HEAD@{2}: reset: moving to b3c5b02
ee1da3b HEAD@{3}: commit: ccc.txt a dded
b3c5b02 (HEAD -> master) HEAD@{4}: commit (initial): aaa.txt a dded

-- git reset 을 이용한 복구
C:\Users\Administrator\Downloads\새 폴더 (4)>git reset --hard b3c5b02
HEAD is now at b3c5b02 aaa.txt a dded

